TAP version 13
ok 1 - Eloquent\Endec\Encoding\Base64DecoderTest::testConstructor
ok 2 - Eloquent\Endec\Encoding\Base64DecoderTest::testConstructorDefaults
ok 3 - Eloquent\Endec\Encoding\Base64DecoderTest::testTransform with data set "1 byte(s)" ('f')
ok 4 - Eloquent\Endec\Encoding\Base64DecoderTest::testTransform with data set "2 byte(s)" ('fo')
ok 5 - Eloquent\Endec\Encoding\Base64DecoderTest::testTransform with data set "3 byte(s)" ('foo')
ok 6 - Eloquent\Endec\Encoding\Base64DecoderTest::testTransform with data set "4 byte(s)" ('foob')
ok 7 - Eloquent\Endec\Encoding\Base64DecoderTest::testTransform with data set "5 byte(s)" ('fooba')
ok 8 - Eloquent\Endec\Encoding\Base64DecoderTest::testTransform with data set "6 byte(s)" ('foobar')
ok 9 - Eloquent\Endec\Encoding\Base64DecoderTest::testTransform with data set "7 byte(s)" ('foobarb')
ok 10 - Eloquent\Endec\Encoding\Base64DecoderTest::testTransform with data set "8 byte(s)" ('foobarba')
ok 11 - Eloquent\Endec\Encoding\Base64DecoderTest::testTransform with data set "9 byte(s)" ('foobarbaz')
ok 12 - Eloquent\Endec\Encoding\Base64DecoderTest::testTransform with data set "10 byte(s)" ('foobarbazq')
ok 13 - Eloquent\Endec\Encoding\Base64DecoderTest::testTransform with data set "11 byte(s)" ('foobarbazqu')
ok 14 - Eloquent\Endec\Encoding\Base64DecoderTest::testTransform with data set "12 byte(s)" ('foobarbazqux')
ok 15 - Eloquent\Endec\Encoding\Base64DecoderTest::testTransform with data set "13 byte(s)" ('foobarbazquxd')
ok 16 - Eloquent\Endec\Encoding\Base64DecoderTest::testTransform with data set "14 byte(s)" ('foobarbazquxdo')
ok 17 - Eloquent\Endec\Encoding\Base64DecoderTest::testTransform with data set "15 byte(s)" ('foobarbazquxdoo')
ok 18 - Eloquent\Endec\Encoding\Base64DecoderTest::testTransformFailure
ok 19 - Eloquent\Endec\Encoding\Base64DecoderTest::testWriteEnd with data set "1 byte(s)" ('f')
ok 20 - Eloquent\Endec\Encoding\Base64DecoderTest::testWriteEnd with data set "2 byte(s)" ('fo')
ok 21 - Eloquent\Endec\Encoding\Base64DecoderTest::testWriteEnd with data set "3 byte(s)" ('foo')
ok 22 - Eloquent\Endec\Encoding\Base64DecoderTest::testWriteEnd with data set "4 byte(s)" ('foob')
ok 23 - Eloquent\Endec\Encoding\Base64DecoderTest::testWriteEnd with data set "5 byte(s)" ('fooba')
ok 24 - Eloquent\Endec\Encoding\Base64DecoderTest::testWriteEnd with data set "6 byte(s)" ('foobar')
ok 25 - Eloquent\Endec\Encoding\Base64DecoderTest::testWriteEnd with data set "7 byte(s)" ('foobarb')
ok 26 - Eloquent\Endec\Encoding\Base64DecoderTest::testWriteEnd with data set "8 byte(s)" ('foobarba')
ok 27 - Eloquent\Endec\Encoding\Base64DecoderTest::testWriteEnd with data set "9 byte(s)" ('foobarbaz')
ok 28 - Eloquent\Endec\Encoding\Base64DecoderTest::testWriteEnd with data set "10 byte(s)" ('foobarbazq')
ok 29 - Eloquent\Endec\Encoding\Base64DecoderTest::testWriteEnd with data set "11 byte(s)" ('foobarbazqu')
ok 30 - Eloquent\Endec\Encoding\Base64DecoderTest::testWriteEnd with data set "12 byte(s)" ('foobarbazqux')
ok 31 - Eloquent\Endec\Encoding\Base64DecoderTest::testWriteEnd with data set "13 byte(s)" ('foobarbazquxd')
ok 32 - Eloquent\Endec\Encoding\Base64DecoderTest::testWriteEnd with data set "14 byte(s)" ('foobarbazquxdo')
ok 33 - Eloquent\Endec\Encoding\Base64DecoderTest::testWriteEnd with data set "15 byte(s)" ('foobarbazquxdoo')
ok 34 - Eloquent\Endec\Encoding\Base64DecoderTest::testEnd with data set "1 byte(s)" ('f')
ok 35 - Eloquent\Endec\Encoding\Base64DecoderTest::testEnd with data set "2 byte(s)" ('fo')
ok 36 - Eloquent\Endec\Encoding\Base64DecoderTest::testEnd with data set "3 byte(s)" ('foo')
ok 37 - Eloquent\Endec\Encoding\Base64DecoderTest::testEnd with data set "4 byte(s)" ('foob')
ok 38 - Eloquent\Endec\Encoding\Base64DecoderTest::testEnd with data set "5 byte(s)" ('fooba')
ok 39 - Eloquent\Endec\Encoding\Base64DecoderTest::testEnd with data set "6 byte(s)" ('foobar')
ok 40 - Eloquent\Endec\Encoding\Base64DecoderTest::testEnd with data set "7 byte(s)" ('foobarb')
ok 41 - Eloquent\Endec\Encoding\Base64DecoderTest::testEnd with data set "8 byte(s)" ('foobarba')
ok 42 - Eloquent\Endec\Encoding\Base64DecoderTest::testEnd with data set "9 byte(s)" ('foobarbaz')
ok 43 - Eloquent\Endec\Encoding\Base64DecoderTest::testEnd with data set "10 byte(s)" ('foobarbazq')
ok 44 - Eloquent\Endec\Encoding\Base64DecoderTest::testEnd with data set "11 byte(s)" ('foobarbazqu')
ok 45 - Eloquent\Endec\Encoding\Base64DecoderTest::testEnd with data set "12 byte(s)" ('foobarbazqux')
ok 46 - Eloquent\Endec\Encoding\Base64DecoderTest::testEnd with data set "13 byte(s)" ('foobarbazquxd')
ok 47 - Eloquent\Endec\Encoding\Base64DecoderTest::testEnd with data set "14 byte(s)" ('foobarbazquxdo')
ok 48 - Eloquent\Endec\Encoding\Base64DecoderTest::testEnd with data set "15 byte(s)" ('foobarbazquxdoo')
ok 49 - Eloquent\Endec\Encoding\Base64DecoderTest::testEndEmptyString
ok 50 - Eloquent\Endec\Encoding\Base64DecoderTest::testClose
ok 51 - Eloquent\Endec\Encoding\Base64DecoderTest::testPauseResume
ok 52 - Eloquent\Endec\Encoding\Base64DecoderTest::testPipe
ok 53 - Eloquent\Endec\Encoding\Base64EncoderTest::testConstructor
ok 54 - Eloquent\Endec\Encoding\Base64EncoderTest::testConstructorDefaults
ok 55 - Eloquent\Endec\Encoding\Base64EncoderTest::testTransform with data set "1 byte(s)" ('f')
ok 56 - Eloquent\Endec\Encoding\Base64EncoderTest::testTransform with data set "2 byte(s)" ('fo')
ok 57 - Eloquent\Endec\Encoding\Base64EncoderTest::testTransform with data set "3 byte(s)" ('foo')
ok 58 - Eloquent\Endec\Encoding\Base64EncoderTest::testTransform with data set "4 byte(s)" ('foob')
ok 59 - Eloquent\Endec\Encoding\Base64EncoderTest::testTransform with data set "5 byte(s)" ('fooba')
ok 60 - Eloquent\Endec\Encoding\Base64EncoderTest::testTransform with data set "6 byte(s)" ('foobar')
ok 61 - Eloquent\Endec\Encoding\Base64EncoderTest::testTransform with data set "7 byte(s)" ('foobarb')
ok 62 - Eloquent\Endec\Encoding\Base64EncoderTest::testTransform with data set "8 byte(s)" ('foobarba')
ok 63 - Eloquent\Endec\Encoding\Base64EncoderTest::testTransform with data set "9 byte(s)" ('foobarbaz')
ok 64 - Eloquent\Endec\Encoding\Base64EncoderTest::testTransform with data set "10 byte(s)" ('foobarbazq')
ok 65 - Eloquent\Endec\Encoding\Base64EncoderTest::testTransform with data set "11 byte(s)" ('foobarbazqu')
ok 66 - Eloquent\Endec\Encoding\Base64EncoderTest::testTransform with data set "12 byte(s)" ('foobarbazqux')
ok 67 - Eloquent\Endec\Encoding\Base64EncoderTest::testTransform with data set "13 byte(s)" ('foobarbazquxd')
ok 68 - Eloquent\Endec\Encoding\Base64EncoderTest::testTransform with data set "14 byte(s)" ('foobarbazquxdo')
ok 69 - Eloquent\Endec\Encoding\Base64EncoderTest::testTransform with data set "15 byte(s)" ('foobarbazquxdoo')
ok 70 - Eloquent\Endec\Encoding\Base64EncoderTest::testWriteEnd with data set "1 byte(s)" ('f')
ok 71 - Eloquent\Endec\Encoding\Base64EncoderTest::testWriteEnd with data set "2 byte(s)" ('fo')
ok 72 - Eloquent\Endec\Encoding\Base64EncoderTest::testWriteEnd with data set "3 byte(s)" ('foo')
ok 73 - Eloquent\Endec\Encoding\Base64EncoderTest::testWriteEnd with data set "4 byte(s)" ('foob')
ok 74 - Eloquent\Endec\Encoding\Base64EncoderTest::testWriteEnd with data set "5 byte(s)" ('fooba')
ok 75 - Eloquent\Endec\Encoding\Base64EncoderTest::testWriteEnd with data set "6 byte(s)" ('foobar')
ok 76 - Eloquent\Endec\Encoding\Base64EncoderTest::testWriteEnd with data set "7 byte(s)" ('foobarb')
ok 77 - Eloquent\Endec\Encoding\Base64EncoderTest::testWriteEnd with data set "8 byte(s)" ('foobarba')
ok 78 - Eloquent\Endec\Encoding\Base64EncoderTest::testWriteEnd with data set "9 byte(s)" ('foobarbaz')
ok 79 - Eloquent\Endec\Encoding\Base64EncoderTest::testWriteEnd with data set "10 byte(s)" ('foobarbazq')
ok 80 - Eloquent\Endec\Encoding\Base64EncoderTest::testWriteEnd with data set "11 byte(s)" ('foobarbazqu')
ok 81 - Eloquent\Endec\Encoding\Base64EncoderTest::testWriteEnd with data set "12 byte(s)" ('foobarbazqux')
ok 82 - Eloquent\Endec\Encoding\Base64EncoderTest::testWriteEnd with data set "13 byte(s)" ('foobarbazquxd')
ok 83 - Eloquent\Endec\Encoding\Base64EncoderTest::testWriteEnd with data set "14 byte(s)" ('foobarbazquxdo')
ok 84 - Eloquent\Endec\Encoding\Base64EncoderTest::testWriteEnd with data set "15 byte(s)" ('foobarbazquxdoo')
ok 85 - Eloquent\Endec\Encoding\Base64EncoderTest::testEnd with data set "1 byte(s)" ('f')
ok 86 - Eloquent\Endec\Encoding\Base64EncoderTest::testEnd with data set "2 byte(s)" ('fo')
ok 87 - Eloquent\Endec\Encoding\Base64EncoderTest::testEnd with data set "3 byte(s)" ('foo')
ok 88 - Eloquent\Endec\Encoding\Base64EncoderTest::testEnd with data set "4 byte(s)" ('foob')
ok 89 - Eloquent\Endec\Encoding\Base64EncoderTest::testEnd with data set "5 byte(s)" ('fooba')
ok 90 - Eloquent\Endec\Encoding\Base64EncoderTest::testEnd with data set "6 byte(s)" ('foobar')
ok 91 - Eloquent\Endec\Encoding\Base64EncoderTest::testEnd with data set "7 byte(s)" ('foobarb')
ok 92 - Eloquent\Endec\Encoding\Base64EncoderTest::testEnd with data set "8 byte(s)" ('foobarba')
ok 93 - Eloquent\Endec\Encoding\Base64EncoderTest::testEnd with data set "9 byte(s)" ('foobarbaz')
ok 94 - Eloquent\Endec\Encoding\Base64EncoderTest::testEnd with data set "10 byte(s)" ('foobarbazq')
ok 95 - Eloquent\Endec\Encoding\Base64EncoderTest::testEnd with data set "11 byte(s)" ('foobarbazqu')
ok 96 - Eloquent\Endec\Encoding\Base64EncoderTest::testEnd with data set "12 byte(s)" ('foobarbazqux')
ok 97 - Eloquent\Endec\Encoding\Base64EncoderTest::testEnd with data set "13 byte(s)" ('foobarbazquxd')
ok 98 - Eloquent\Endec\Encoding\Base64EncoderTest::testEnd with data set "14 byte(s)" ('foobarbazquxdo')
ok 99 - Eloquent\Endec\Encoding\Base64EncoderTest::testEnd with data set "15 byte(s)" ('foobarbazquxdoo')
ok 100 - Eloquent\Endec\Encoding\Base64EncoderTest::testEndEmptyString
ok 101 - Eloquent\Endec\Encoding\Base64EncoderTest::testClose
ok 102 - Eloquent\Endec\Encoding\Base64EncoderTest::testPauseResume
ok 103 - Eloquent\Endec\Encoding\Base64EncoderTest::testPipe
ok 104 - Eloquent\Endec\Encoding\Exception\InvalidEncodedDataExceptionTest::testException
ok 105 - Eloquent\Endec\Encoding\HexDecoderTest::testConstructor
ok 106 - Eloquent\Endec\Encoding\HexDecoderTest::testConstructorDefaults
ok 107 - Eloquent\Endec\Encoding\HexDecoderTest::testTransform with data set "1 byte(s)" ('f')
ok 108 - Eloquent\Endec\Encoding\HexDecoderTest::testTransform with data set "2 byte(s)" ('fo')
ok 109 - Eloquent\Endec\Encoding\HexDecoderTest::testTransform with data set "3 byte(s)" ('foo')
ok 110 - Eloquent\Endec\Encoding\HexDecoderTest::testTransform with data set "4 byte(s)" ('foob')
ok 111 - Eloquent\Endec\Encoding\HexDecoderTest::testTransform with data set "5 byte(s)" ('fooba')
ok 112 - Eloquent\Endec\Encoding\HexDecoderTest::testTransform with data set "6 byte(s)" ('foobar')
ok 113 - Eloquent\Endec\Encoding\HexDecoderTest::testTransform with data set "7 byte(s)" ('foobarb')
ok 114 - Eloquent\Endec\Encoding\HexDecoderTest::testTransform with data set "8 byte(s)" ('foobarba')
ok 115 - Eloquent\Endec\Encoding\HexDecoderTest::testTransform with data set "9 byte(s)" ('foobarbaz')
ok 116 - Eloquent\Endec\Encoding\HexDecoderTest::testTransform with data set "10 byte(s)" ('foobarbazq')
ok 117 - Eloquent\Endec\Encoding\HexDecoderTest::testTransform with data set "11 byte(s)" ('foobarbazqu')
ok 118 - Eloquent\Endec\Encoding\HexDecoderTest::testTransform with data set "12 byte(s)" ('foobarbazqux')
ok 119 - Eloquent\Endec\Encoding\HexDecoderTest::testTransform with data set "13 byte(s)" ('foobarbazquxd')
ok 120 - Eloquent\Endec\Encoding\HexDecoderTest::testTransform with data set "14 byte(s)" ('foobarbazquxdo')
ok 121 - Eloquent\Endec\Encoding\HexDecoderTest::testTransform with data set "15 byte(s)" ('foobarbazquxdoo')
ok 122 - Eloquent\Endec\Encoding\HexDecoderTest::testTransformFailure
ok 123 - Eloquent\Endec\Encoding\HexDecoderTest::testWriteEnd with data set "1 byte(s)" ('f')
ok 124 - Eloquent\Endec\Encoding\HexDecoderTest::testWriteEnd with data set "2 byte(s)" ('fo')
ok 125 - Eloquent\Endec\Encoding\HexDecoderTest::testWriteEnd with data set "3 byte(s)" ('foo')
ok 126 - Eloquent\Endec\Encoding\HexDecoderTest::testWriteEnd with data set "4 byte(s)" ('foob')
ok 127 - Eloquent\Endec\Encoding\HexDecoderTest::testWriteEnd with data set "5 byte(s)" ('fooba')
ok 128 - Eloquent\Endec\Encoding\HexDecoderTest::testWriteEnd with data set "6 byte(s)" ('foobar')
ok 129 - Eloquent\Endec\Encoding\HexDecoderTest::testWriteEnd with data set "7 byte(s)" ('foobarb')
ok 130 - Eloquent\Endec\Encoding\HexDecoderTest::testWriteEnd with data set "8 byte(s)" ('foobarba')
ok 131 - Eloquent\Endec\Encoding\HexDecoderTest::testWriteEnd with data set "9 byte(s)" ('foobarbaz')
ok 132 - Eloquent\Endec\Encoding\HexDecoderTest::testWriteEnd with data set "10 byte(s)" ('foobarbazq')
ok 133 - Eloquent\Endec\Encoding\HexDecoderTest::testWriteEnd with data set "11 byte(s)" ('foobarbazqu')
ok 134 - Eloquent\Endec\Encoding\HexDecoderTest::testWriteEnd with data set "12 byte(s)" ('foobarbazqux')
ok 135 - Eloquent\Endec\Encoding\HexDecoderTest::testWriteEnd with data set "13 byte(s)" ('foobarbazquxd')
ok 136 - Eloquent\Endec\Encoding\HexDecoderTest::testWriteEnd with data set "14 byte(s)" ('foobarbazquxdo')
ok 137 - Eloquent\Endec\Encoding\HexDecoderTest::testWriteEnd with data set "15 byte(s)" ('foobarbazquxdoo')
ok 138 - Eloquent\Endec\Encoding\HexDecoderTest::testEnd with data set "1 byte(s)" ('f')
ok 139 - Eloquent\Endec\Encoding\HexDecoderTest::testEnd with data set "2 byte(s)" ('fo')
ok 140 - Eloquent\Endec\Encoding\HexDecoderTest::testEnd with data set "3 byte(s)" ('foo')
ok 141 - Eloquent\Endec\Encoding\HexDecoderTest::testEnd with data set "4 byte(s)" ('foob')
ok 142 - Eloquent\Endec\Encoding\HexDecoderTest::testEnd with data set "5 byte(s)" ('fooba')
ok 143 - Eloquent\Endec\Encoding\HexDecoderTest::testEnd with data set "6 byte(s)" ('foobar')
ok 144 - Eloquent\Endec\Encoding\HexDecoderTest::testEnd with data set "7 byte(s)" ('foobarb')
ok 145 - Eloquent\Endec\Encoding\HexDecoderTest::testEnd with data set "8 byte(s)" ('foobarba')
ok 146 - Eloquent\Endec\Encoding\HexDecoderTest::testEnd with data set "9 byte(s)" ('foobarbaz')
ok 147 - Eloquent\Endec\Encoding\HexDecoderTest::testEnd with data set "10 byte(s)" ('foobarbazq')
ok 148 - Eloquent\Endec\Encoding\HexDecoderTest::testEnd with data set "11 byte(s)" ('foobarbazqu')
ok 149 - Eloquent\Endec\Encoding\HexDecoderTest::testEnd with data set "12 byte(s)" ('foobarbazqux')
ok 150 - Eloquent\Endec\Encoding\HexDecoderTest::testEnd with data set "13 byte(s)" ('foobarbazquxd')
ok 151 - Eloquent\Endec\Encoding\HexDecoderTest::testEnd with data set "14 byte(s)" ('foobarbazquxdo')
ok 152 - Eloquent\Endec\Encoding\HexDecoderTest::testEnd with data set "15 byte(s)" ('foobarbazquxdoo')
ok 153 - Eloquent\Endec\Encoding\HexDecoderTest::testEndEmptyString
ok 154 - Eloquent\Endec\Encoding\HexDecoderTest::testClose
ok 155 - Eloquent\Endec\Encoding\HexDecoderTest::testPauseResume
ok 156 - Eloquent\Endec\Encoding\HexDecoderTest::testPipe
ok 157 - Eloquent\Endec\Encoding\HexEncoderTest::testConstructor
ok 158 - Eloquent\Endec\Encoding\HexEncoderTest::testConstructorDefaults
ok 159 - Eloquent\Endec\Encoding\HexEncoderTest::testTransform with data set "1 byte(s)" ('f')
ok 160 - Eloquent\Endec\Encoding\HexEncoderTest::testTransform with data set "2 byte(s)" ('fo')
ok 161 - Eloquent\Endec\Encoding\HexEncoderTest::testTransform with data set "3 byte(s)" ('foo')
ok 162 - Eloquent\Endec\Encoding\HexEncoderTest::testTransform with data set "4 byte(s)" ('foob')
ok 163 - Eloquent\Endec\Encoding\HexEncoderTest::testTransform with data set "5 byte(s)" ('fooba')
ok 164 - Eloquent\Endec\Encoding\HexEncoderTest::testTransform with data set "6 byte(s)" ('foobar')
ok 165 - Eloquent\Endec\Encoding\HexEncoderTest::testTransform with data set "7 byte(s)" ('foobarb')
ok 166 - Eloquent\Endec\Encoding\HexEncoderTest::testTransform with data set "8 byte(s)" ('foobarba')
ok 167 - Eloquent\Endec\Encoding\HexEncoderTest::testTransform with data set "9 byte(s)" ('foobarbaz')
ok 168 - Eloquent\Endec\Encoding\HexEncoderTest::testTransform with data set "10 byte(s)" ('foobarbazq')
ok 169 - Eloquent\Endec\Encoding\HexEncoderTest::testTransform with data set "11 byte(s)" ('foobarbazqu')
ok 170 - Eloquent\Endec\Encoding\HexEncoderTest::testTransform with data set "12 byte(s)" ('foobarbazqux')
ok 171 - Eloquent\Endec\Encoding\HexEncoderTest::testTransform with data set "13 byte(s)" ('foobarbazquxd')
ok 172 - Eloquent\Endec\Encoding\HexEncoderTest::testTransform with data set "14 byte(s)" ('foobarbazquxdo')
ok 173 - Eloquent\Endec\Encoding\HexEncoderTest::testTransform with data set "15 byte(s)" ('foobarbazquxdoo')
ok 174 - Eloquent\Endec\Encoding\HexEncoderTest::testWriteEnd with data set "1 byte(s)" ('f')
ok 175 - Eloquent\Endec\Encoding\HexEncoderTest::testWriteEnd with data set "2 byte(s)" ('fo')
ok 176 - Eloquent\Endec\Encoding\HexEncoderTest::testWriteEnd with data set "3 byte(s)" ('foo')
ok 177 - Eloquent\Endec\Encoding\HexEncoderTest::testWriteEnd with data set "4 byte(s)" ('foob')
ok 178 - Eloquent\Endec\Encoding\HexEncoderTest::testWriteEnd with data set "5 byte(s)" ('fooba')
ok 179 - Eloquent\Endec\Encoding\HexEncoderTest::testWriteEnd with data set "6 byte(s)" ('foobar')
ok 180 - Eloquent\Endec\Encoding\HexEncoderTest::testWriteEnd with data set "7 byte(s)" ('foobarb')
ok 181 - Eloquent\Endec\Encoding\HexEncoderTest::testWriteEnd with data set "8 byte(s)" ('foobarba')
ok 182 - Eloquent\Endec\Encoding\HexEncoderTest::testWriteEnd with data set "9 byte(s)" ('foobarbaz')
ok 183 - Eloquent\Endec\Encoding\HexEncoderTest::testWriteEnd with data set "10 byte(s)" ('foobarbazq')
ok 184 - Eloquent\Endec\Encoding\HexEncoderTest::testWriteEnd with data set "11 byte(s)" ('foobarbazqu')
ok 185 - Eloquent\Endec\Encoding\HexEncoderTest::testWriteEnd with data set "12 byte(s)" ('foobarbazqux')
ok 186 - Eloquent\Endec\Encoding\HexEncoderTest::testWriteEnd with data set "13 byte(s)" ('foobarbazquxd')
ok 187 - Eloquent\Endec\Encoding\HexEncoderTest::testWriteEnd with data set "14 byte(s)" ('foobarbazquxdo')
ok 188 - Eloquent\Endec\Encoding\HexEncoderTest::testWriteEnd with data set "15 byte(s)" ('foobarbazquxdoo')
ok 189 - Eloquent\Endec\Encoding\HexEncoderTest::testEnd with data set "1 byte(s)" ('f')
ok 190 - Eloquent\Endec\Encoding\HexEncoderTest::testEnd with data set "2 byte(s)" ('fo')
ok 191 - Eloquent\Endec\Encoding\HexEncoderTest::testEnd with data set "3 byte(s)" ('foo')
ok 192 - Eloquent\Endec\Encoding\HexEncoderTest::testEnd with data set "4 byte(s)" ('foob')
ok 193 - Eloquent\Endec\Encoding\HexEncoderTest::testEnd with data set "5 byte(s)" ('fooba')
ok 194 - Eloquent\Endec\Encoding\HexEncoderTest::testEnd with data set "6 byte(s)" ('foobar')
ok 195 - Eloquent\Endec\Encoding\HexEncoderTest::testEnd with data set "7 byte(s)" ('foobarb')
ok 196 - Eloquent\Endec\Encoding\HexEncoderTest::testEnd with data set "8 byte(s)" ('foobarba')
ok 197 - Eloquent\Endec\Encoding\HexEncoderTest::testEnd with data set "9 byte(s)" ('foobarbaz')
ok 198 - Eloquent\Endec\Encoding\HexEncoderTest::testEnd with data set "10 byte(s)" ('foobarbazq')
ok 199 - Eloquent\Endec\Encoding\HexEncoderTest::testEnd with data set "11 byte(s)" ('foobarbazqu')
ok 200 - Eloquent\Endec\Encoding\HexEncoderTest::testEnd with data set "12 byte(s)" ('foobarbazqux')
ok 201 - Eloquent\Endec\Encoding\HexEncoderTest::testEnd with data set "13 byte(s)" ('foobarbazquxd')
ok 202 - Eloquent\Endec\Encoding\HexEncoderTest::testEnd with data set "14 byte(s)" ('foobarbazquxdo')
ok 203 - Eloquent\Endec\Encoding\HexEncoderTest::testEnd with data set "15 byte(s)" ('foobarbazquxdoo')
ok 204 - Eloquent\Endec\Encoding\HexEncoderTest::testEndEmptyString
ok 205 - Eloquent\Endec\Encoding\HexEncoderTest::testClose
ok 206 - Eloquent\Endec\Encoding\HexEncoderTest::testPauseResume
ok 207 - Eloquent\Endec\Encoding\HexEncoderTest::testPipe
1..207
