TAP version 13
ok 1 - Eloquent\Endec\Base16\Base16DecodeNativeStreamFilterTest::testFilter
ok 2 - Eloquent\Endec\Base16\Base16DecodeNativeStreamFilterTest::testFilterFailure
ok 3 - Eloquent\Endec\Base16\Base16DecodeTransformTest::testTransform with data set "Empty" ('', '', 0)
ok 4 - Eloquent\Endec\Base16\Base16DecodeTransformTest::testTransform with data set "1 bytes" ('6', '', 0)
ok 5 - Eloquent\Endec\Base16\Base16DecodeTransformTest::testTransform with data set "2 bytes" ('66', 'f', 2)
ok 6 - Eloquent\Endec\Base16\Base16DecodeTransformTest::testTransform with data set "3 bytes" ('666', 'f', 2)
ok 7 - Eloquent\Endec\Base16\Base16DecodeTransformTest::testTransform with data set "4 bytes" ('666f', 'fo', 4)
ok 8 - Eloquent\Endec\Base16\Base16DecodeTransformTest::testTransform with data set "5 bytes" ('666f6', 'fo', 4)
ok 9 - Eloquent\Endec\Base16\Base16DecodeTransformTest::testTransform with data set "6 bytes" ('666f6f', 'foo', 6)
ok 10 - Eloquent\Endec\Base16\Base16DecodeTransformTest::testTransformEnd with data set "Empty" ('', '', 0)
ok 11 - Eloquent\Endec\Base16\Base16DecodeTransformTest::testTransformEnd with data set "2 bytes" ('66', 'f', 2)
ok 12 - Eloquent\Endec\Base16\Base16DecodeTransformTest::testTransformEnd with data set "4 bytes" ('666f', 'fo', 4)
ok 13 - Eloquent\Endec\Base16\Base16DecodeTransformTest::testTransformEnd with data set "6 bytes" ('666f6f', 'foo', 6)
ok 14 - Eloquent\Endec\Base16\Base16DecodeTransformTest::testTransformFailure with data set "Characters below range" ('!!')
ok 15 - Eloquent\Endec\Base16\Base16DecodeTransformTest::testTransformFailure with data set "Characters above range" ('~~')
ok 16 - Eloquent\Endec\Base16\Base16DecodeTransformTest::testTransformFailure with data set "1 byte" ('A')
ok 17 - Eloquent\Endec\Base16\Base16DecodeTransformTest::testTransformFailure with data set "3 bytes" ('AAA')
ok 18 - Eloquent\Endec\Base16\Base16DecodeTransformTest::testInstance
ok 19 - Eloquent\Endec\Base16\Base16EncodeNativeStreamFilterTest::testFilter
ok 20 - Eloquent\Endec\Base16\Base16EncodeTransformTest::testTransform with data set "Empty" ('', '', 0)
ok 21 - Eloquent\Endec\Base16\Base16EncodeTransformTest::testTransform with data set "1 byte" ('f', '66', 1)
ok 22 - Eloquent\Endec\Base16\Base16EncodeTransformTest::testTransform with data set "2 bytes" ('fo', '666F', 2)
ok 23 - Eloquent\Endec\Base16\Base16EncodeTransformTest::testTransform with data set "3 bytes" ('foo', '666F6F', 3)
ok 24 - Eloquent\Endec\Base16\Base16EncodeTransformTest::testTransform with data set "4 bytes" ('foob', '666F6F62', 4)
ok 25 - Eloquent\Endec\Base16\Base16EncodeTransformTest::testTransform with data set "5 bytes" ('fooba', '666F6F6261', 5)
ok 26 - Eloquent\Endec\Base16\Base16EncodeTransformTest::testTransform with data set "6 bytes" ('foobar', '666F6F626172', 6)
ok 27 - Eloquent\Endec\Base16\Base16EncodeTransformTest::testTransformEnd with data set "Empty" ('', '', 0)
ok 28 - Eloquent\Endec\Base16\Base16EncodeTransformTest::testTransformEnd with data set "1 byte" ('f', '66', 1)
ok 29 - Eloquent\Endec\Base16\Base16EncodeTransformTest::testTransformEnd with data set "2 bytes" ('fo', '666F', 2)
ok 30 - Eloquent\Endec\Base16\Base16EncodeTransformTest::testTransformEnd with data set "3 bytes" ('foo', '666F6F', 3)
ok 31 - Eloquent\Endec\Base16\Base16EncodeTransformTest::testTransformEnd with data set "4 bytes" ('foob', '666F6F62', 4)
ok 32 - Eloquent\Endec\Base16\Base16EncodeTransformTest::testTransformEnd with data set "5 bytes" ('fooba', '666F6F6261', 5)
ok 33 - Eloquent\Endec\Base16\Base16EncodeTransformTest::testTransformEnd with data set "6 bytes" ('foobar', '666F6F626172', 6)
ok 34 - Eloquent\Endec\Base16\Base16EncodeTransformTest::testInstance
ok 35 - Eloquent\Endec\Base16\Base16Test::testConstructor
ok 36 - Eloquent\Endec\Base16\Base16Test::testConstructorDefaults
ok 37 - Eloquent\Endec\Base16\Base16Test::testEncode with data set "RFC 4648 base16 test vector 1" ('', '')
ok 38 - Eloquent\Endec\Base16\Base16Test::testEncode with data set "RFC 4648 base16 test vector 2" ('f', '66')
ok 39 - Eloquent\Endec\Base16\Base16Test::testEncode with data set "RFC 4648 base16 test vector 3" ('fo', '666F')
ok 40 - Eloquent\Endec\Base16\Base16Test::testEncode with data set "RFC 4648 base16 test vector 4" ('foo', '666F6F')
ok 41 - Eloquent\Endec\Base16\Base16Test::testEncode with data set "RFC 4648 base16 test vector 5" ('foob', '666F6F62')
ok 42 - Eloquent\Endec\Base16\Base16Test::testEncode with data set "RFC 4648 base16 test vector 6" ('fooba', '666F6F6261')
ok 43 - Eloquent\Endec\Base16\Base16Test::testEncode with data set "RFC 4648 base16 test vector 7" ('foobar', '666F6F626172')
ok 44 - Eloquent\Endec\Base16\Base16Test::testEncodeFullAlphabet
ok 45 - Eloquent\Endec\Base16\Base16Test::testDecode with data set "RFC 4648 base16 test vector 1" ('', '')
ok 46 - Eloquent\Endec\Base16\Base16Test::testDecode with data set "RFC 4648 base16 test vector 2" ('f', '66')
ok 47 - Eloquent\Endec\Base16\Base16Test::testDecode with data set "RFC 4648 base16 test vector 3" ('fo', '666F')
ok 48 - Eloquent\Endec\Base16\Base16Test::testDecode with data set "RFC 4648 base16 test vector 4" ('foo', '666F6F')
ok 49 - Eloquent\Endec\Base16\Base16Test::testDecode with data set "RFC 4648 base16 test vector 5" ('foob', '666F6F62')
ok 50 - Eloquent\Endec\Base16\Base16Test::testDecode with data set "RFC 4648 base16 test vector 6" ('fooba', '666F6F6261')
ok 51 - Eloquent\Endec\Base16\Base16Test::testDecode with data set "RFC 4648 base16 test vector 7" ('foobar', '666F6F626172')
ok 52 - Eloquent\Endec\Base16\Base16Test::testDecodeFullAlphabet
ok 53 - Eloquent\Endec\Base16\Base16Test::testCreateEncodeStream
ok 54 - Eloquent\Endec\Base16\Base16Test::testCreateDecodeStream
ok 55 - Eloquent\Endec\Base16\Base16Test::testInstance
ok 56 - Eloquent\Endec\Base32\Base32DecodeNativeStreamFilterTest::testFilter
ok 57 - Eloquent\Endec\Base32\Base32DecodeNativeStreamFilterTest::testFilterFailure
ok 58 - Eloquent\Endec\Base32\Base32DecodeTransformTest::testTransform with data set "Empty" ('', '', 0)
ok 59 - Eloquent\Endec\Base32\Base32DecodeTransformTest::testTransform with data set "1 byte" ('M', '', 0)
ok 60 - Eloquent\Endec\Base32\Base32DecodeTransformTest::testTransform with data set "2 bytes" ('MZ', '', 0)
ok 61 - Eloquent\Endec\Base32\Base32DecodeTransformTest::testTransform with data set "3 bytes" ('MZX', '', 0)
ok 62 - Eloquent\Endec\Base32\Base32DecodeTransformTest::testTransform with data set "4 bytes" ('MZXW', '', 0)
ok 63 - Eloquent\Endec\Base32\Base32DecodeTransformTest::testTransform with data set "5 bytes" ('MZXW6', '', 0)
ok 64 - Eloquent\Endec\Base32\Base32DecodeTransformTest::testTransform with data set "6 bytes" ('MZXW6Y', '', 0)
ok 65 - Eloquent\Endec\Base32\Base32DecodeTransformTest::testTransform with data set "7 bytes" ('MZXW6YT', '', 0)
ok 66 - Eloquent\Endec\Base32\Base32DecodeTransformTest::testTransform with data set "8 bytes" ('MZXW6YTB', 'fooba', 8)
ok 67 - Eloquent\Endec\Base32\Base32DecodeTransformTest::testTransform with data set "9 bytes" ('MZXW6YTBO', 'fooba', 8)
ok 68 - Eloquent\Endec\Base32\Base32DecodeTransformTest::testTransform with data set "10 bytes" ('MZXW6YTBOJ', 'fooba', 8)
ok 69 - Eloquent\Endec\Base32\Base32DecodeTransformTest::testTransform with data set "11 bytes" ('MZXW6YTBOJR', 'fooba', 8)
ok 70 - Eloquent\Endec\Base32\Base32DecodeTransformTest::testTransform with data set "12 bytes" ('MZXW6YTBOJRG', 'fooba', 8)
ok 71 - Eloquent\Endec\Base32\Base32DecodeTransformTest::testTransform with data set "13 bytes" ('MZXW6YTBOJRGC', 'fooba', 8)
ok 72 - Eloquent\Endec\Base32\Base32DecodeTransformTest::testTransform with data set "14 bytes" ('MZXW6YTBOJRGC6', 'fooba', 8)
ok 73 - Eloquent\Endec\Base32\Base32DecodeTransformTest::testTransform with data set "15 bytes" ('MZXW6YTBOJRGC6T', 'fooba', 8)
ok 74 - Eloquent\Endec\Base32\Base32DecodeTransformTest::testTransform with data set "16 bytes" ('MZXW6YTBOJRGC6TR', 'foobarbazq', 16)
ok 75 - Eloquent\Endec\Base32\Base32DecodeTransformTest::testTransform with data set "16 bytes with padding" ('MZXW6YTBOI======', 'foobar', 16)
ok 76 - Eloquent\Endec\Base32\Base32DecodeTransformTest::testTransformEnd with data set "Empty" ('', '', 0)
ok 77 - Eloquent\Endec\Base32\Base32DecodeTransformTest::testTransformEnd with data set "2 bytes" ('MY', 'f', 2)
ok 78 - Eloquent\Endec\Base32\Base32DecodeTransformTest::testTransformEnd with data set "4 bytes" ('MZXQ', 'fo', 4)
ok 79 - Eloquent\Endec\Base32\Base32DecodeTransformTest::testTransformEnd with data set "5 bytes" ('MZXW6', 'foo', 5)
ok 80 - Eloquent\Endec\Base32\Base32DecodeTransformTest::testTransformEnd with data set "7 bytes" ('MZXW6YQ', 'foob', 7)
ok 81 - Eloquent\Endec\Base32\Base32DecodeTransformTest::testTransformEnd with data set "8 bytes" ('MZXW6YTB', 'fooba', 8)
ok 82 - Eloquent\Endec\Base32\Base32DecodeTransformTest::testTransformEnd with data set "8 bytes with padding" ('MY======', 'f', 8)
ok 83 - Eloquent\Endec\Base32\Base32DecodeTransformTest::testTransformEnd with data set "10 bytes" ('MZXW6YTBOI', 'foobar', 10)
ok 84 - Eloquent\Endec\Base32\Base32DecodeTransformTest::testTransformEnd with data set "12 bytes" ('MZXW6YTBOJRA', 'foobarb', 12)
ok 85 - Eloquent\Endec\Base32\Base32DecodeTransformTest::testTransformEnd with data set "13 bytes" ('MZXW6YTBOJRGC', 'foobarba', 13)
ok 86 - Eloquent\Endec\Base32\Base32DecodeTransformTest::testTransformEnd with data set "15 bytes" ('MZXW6YTBOJRGC6Q', 'foobarbaz', 15)
ok 87 - Eloquent\Endec\Base32\Base32DecodeTransformTest::testTransformEnd with data set "16 bytes" ('MZXW6YTBOJRGC6TR', 'foobarbazq', 16)
ok 88 - Eloquent\Endec\Base32\Base32DecodeTransformTest::testTransformEnd with data set "16 bytes with padding" ('MZXW6YTBOI======', 'foobar', 16)
ok 89 - Eloquent\Endec\Base32\Base32DecodeTransformTest::testTransformFailure with data set "Characters below range" ('!!!!!!!!')
ok 90 - Eloquent\Endec\Base32\Base32DecodeTransformTest::testTransformFailure with data set "Characters above range" ('~~~~~~~~')
ok 91 - Eloquent\Endec\Base32\Base32DecodeTransformTest::testTransformFailure with data set "1 byte" ('A')
ok 92 - Eloquent\Endec\Base32\Base32DecodeTransformTest::testTransformFailure with data set "9 bytes" ('AAAAAAAAA')
ok 93 - Eloquent\Endec\Base32\Base32DecodeTransformTest::testInstance
ok 94 - Eloquent\Endec\Base32\Base32EncodeNativeStreamFilterTest::testFilter
ok 95 - Eloquent\Endec\Base32\Base32EncodeTransformTest::testTransform with data set "Empty" ('', '', 0)
ok 96 - Eloquent\Endec\Base32\Base32EncodeTransformTest::testTransform with data set "1 byte" ('f', '', 0)
ok 97 - Eloquent\Endec\Base32\Base32EncodeTransformTest::testTransform with data set "2 bytes" ('fo', '', 0)
ok 98 - Eloquent\Endec\Base32\Base32EncodeTransformTest::testTransform with data set "3 bytes" ('foo', '', 0)
ok 99 - Eloquent\Endec\Base32\Base32EncodeTransformTest::testTransform with data set "4 bytes" ('foob', '', 0)
ok 100 - Eloquent\Endec\Base32\Base32EncodeTransformTest::testTransform with data set "5 bytes" ('fooba', 'MZXW6YTB', 5)
ok 101 - Eloquent\Endec\Base32\Base32EncodeTransformTest::testTransform with data set "6 bytes" ('foobar', 'MZXW6YTB', 5)
ok 102 - Eloquent\Endec\Base32\Base32EncodeTransformTest::testTransform with data set "7 bytes" ('foobarb', 'MZXW6YTB', 5)
ok 103 - Eloquent\Endec\Base32\Base32EncodeTransformTest::testTransform with data set "8 bytes" ('foobarba', 'MZXW6YTB', 5)
ok 104 - Eloquent\Endec\Base32\Base32EncodeTransformTest::testTransform with data set "9 bytes" ('foobarbaz', 'MZXW6YTB', 5)
ok 105 - Eloquent\Endec\Base32\Base32EncodeTransformTest::testTransform with data set "10 bytes" ('foobarbazq', 'MZXW6YTBOJRGC6TR', 10)
ok 106 - Eloquent\Endec\Base32\Base32EncodeTransformTest::testTransformEnd with data set "Empty" ('', '', 0)
ok 107 - Eloquent\Endec\Base32\Base32EncodeTransformTest::testTransformEnd with data set "1 byte" ('f', 'MY======', 1)
ok 108 - Eloquent\Endec\Base32\Base32EncodeTransformTest::testTransformEnd with data set "2 bytes" ('fo', 'MZXQ====', 2)
ok 109 - Eloquent\Endec\Base32\Base32EncodeTransformTest::testTransformEnd with data set "3 bytes" ('foo', 'MZXW6===', 3)
ok 110 - Eloquent\Endec\Base32\Base32EncodeTransformTest::testTransformEnd with data set "4 bytes" ('foob', 'MZXW6YQ=', 4)
ok 111 - Eloquent\Endec\Base32\Base32EncodeTransformTest::testTransformEnd with data set "5 bytes" ('fooba', 'MZXW6YTB', 5)
ok 112 - Eloquent\Endec\Base32\Base32EncodeTransformTest::testTransformEnd with data set "6 bytes" ('foobar', 'MZXW6YTBOI======', 6)
ok 113 - Eloquent\Endec\Base32\Base32EncodeTransformTest::testTransformEnd with data set "7 bytes" ('foobarb', 'MZXW6YTBOJRA====', 7)
ok 114 - Eloquent\Endec\Base32\Base32EncodeTransformTest::testTransformEnd with data set "8 bytes" ('foobarba', 'MZXW6YTBOJRGC===', 8)
ok 115 - Eloquent\Endec\Base32\Base32EncodeTransformTest::testTransformEnd with data set "9 bytes" ('foobarbaz', 'MZXW6YTBOJRGC6Q=', 9)
ok 116 - Eloquent\Endec\Base32\Base32EncodeTransformTest::testTransformEnd with data set "10 bytes" ('foobarbazq', 'MZXW6YTBOJRGC6TR', 10)
ok 117 - Eloquent\Endec\Base32\Base32EncodeTransformTest::testInstance
ok 118 - Eloquent\Endec\Base32\Base32HexDecodeNativeStreamFilterTest::testFilter
ok 119 - Eloquent\Endec\Base32\Base32HexDecodeNativeStreamFilterTest::testFilterFailure
ok 120 - Eloquent\Endec\Base32\Base32HexDecodeTransformTest::testTransform with data set "Empty" ('', '', 0)
ok 121 - Eloquent\Endec\Base32\Base32HexDecodeTransformTest::testTransform with data set "1 byte" ('C', '', 0)
ok 122 - Eloquent\Endec\Base32\Base32HexDecodeTransformTest::testTransform with data set "2 bytes" ('CP', '', 0)
ok 123 - Eloquent\Endec\Base32\Base32HexDecodeTransformTest::testTransform with data set "3 bytes" ('CPN', '', 0)
ok 124 - Eloquent\Endec\Base32\Base32HexDecodeTransformTest::testTransform with data set "4 bytes" ('CPNM', '', 0)
ok 125 - Eloquent\Endec\Base32\Base32HexDecodeTransformTest::testTransform with data set "5 bytes" ('CPNMU', '', 0)
ok 126 - Eloquent\Endec\Base32\Base32HexDecodeTransformTest::testTransform with data set "6 bytes" ('CPNMUO', '', 0)
ok 127 - Eloquent\Endec\Base32\Base32HexDecodeTransformTest::testTransform with data set "7 bytes" ('CPNMUOJ', '', 0)
ok 128 - Eloquent\Endec\Base32\Base32HexDecodeTransformTest::testTransform with data set "8 bytes" ('CPNMUOJ1', 'fooba', 8)
ok 129 - Eloquent\Endec\Base32\Base32HexDecodeTransformTest::testTransform with data set "9 bytes" ('CPNMUOJ1E', 'fooba', 8)
ok 130 - Eloquent\Endec\Base32\Base32HexDecodeTransformTest::testTransform with data set "10 bytes" ('CPNMUOJ1E9', 'fooba', 8)
ok 131 - Eloquent\Endec\Base32\Base32HexDecodeTransformTest::testTransform with data set "11 bytes" ('CPNMUOJ1E9H', 'fooba', 8)
ok 132 - Eloquent\Endec\Base32\Base32HexDecodeTransformTest::testTransform with data set "12 bytes" ('CPNMUOJ1E9H6', 'fooba', 8)
ok 133 - Eloquent\Endec\Base32\Base32HexDecodeTransformTest::testTransform with data set "13 bytes" ('CPNMUOJ1E9H62', 'fooba', 8)
ok 134 - Eloquent\Endec\Base32\Base32HexDecodeTransformTest::testTransform with data set "14 bytes" ('CPNMUOJ1E9H62U', 'fooba', 8)
ok 135 - Eloquent\Endec\Base32\Base32HexDecodeTransformTest::testTransform with data set "15 bytes" ('CPNMUOJ1E9H62UJ', 'fooba', 8)
ok 136 - Eloquent\Endec\Base32\Base32HexDecodeTransformTest::testTransform with data set "16 bytes" ('CPNMUOJ1E9H62UJH', 'foobarbazq', 16)
ok 137 - Eloquent\Endec\Base32\Base32HexDecodeTransformTest::testTransform with data set "16 bytes with padding" ('CPNMUOJ1E8======', 'foobar', 16)
ok 138 - Eloquent\Endec\Base32\Base32HexDecodeTransformTest::testTransformEnd with data set "Empty" ('', '', 0)
ok 139 - Eloquent\Endec\Base32\Base32HexDecodeTransformTest::testTransformEnd with data set "2 bytes" ('CO', 'f', 2)
ok 140 - Eloquent\Endec\Base32\Base32HexDecodeTransformTest::testTransformEnd with data set "4 bytes" ('CPNG', 'fo', 4)
ok 141 - Eloquent\Endec\Base32\Base32HexDecodeTransformTest::testTransformEnd with data set "5 bytes" ('CPNMU', 'foo', 5)
ok 142 - Eloquent\Endec\Base32\Base32HexDecodeTransformTest::testTransformEnd with data set "7 bytes" ('CPNMUOG', 'foob', 7)
ok 143 - Eloquent\Endec\Base32\Base32HexDecodeTransformTest::testTransformEnd with data set "8 bytes" ('CPNMUOJ1', 'fooba', 8)
ok 144 - Eloquent\Endec\Base32\Base32HexDecodeTransformTest::testTransformEnd with data set "8 bytes with padding" ('CO======', 'f', 8)
ok 145 - Eloquent\Endec\Base32\Base32HexDecodeTransformTest::testTransformEnd with data set "10 bytes" ('CPNMUOJ1E8', 'foobar', 10)
ok 146 - Eloquent\Endec\Base32\Base32HexDecodeTransformTest::testTransformEnd with data set "12 bytes" ('CPNMUOJ1E9H0', 'foobarb', 12)
ok 147 - Eloquent\Endec\Base32\Base32HexDecodeTransformTest::testTransformEnd with data set "13 bytes" ('CPNMUOJ1E9H62', 'foobarba', 13)
ok 148 - Eloquent\Endec\Base32\Base32HexDecodeTransformTest::testTransformEnd with data set "15 bytes" ('CPNMUOJ1E9H62UG', 'foobarbaz', 15)
ok 149 - Eloquent\Endec\Base32\Base32HexDecodeTransformTest::testTransformEnd with data set "16 bytes" ('CPNMUOJ1E9H62UJH', 'foobarbazq', 16)
ok 150 - Eloquent\Endec\Base32\Base32HexDecodeTransformTest::testTransformEnd with data set "16 bytes with padding" ('CPNMUOJ1E8======', 'foobar', 16)
ok 151 - Eloquent\Endec\Base32\Base32HexDecodeTransformTest::testTransformFailure with data set "Characters below range" ('!!!!!!!!')
ok 152 - Eloquent\Endec\Base32\Base32HexDecodeTransformTest::testTransformFailure with data set "Characters above range" ('~~~~~~~~')
ok 153 - Eloquent\Endec\Base32\Base32HexDecodeTransformTest::testTransformFailure with data set "1 byte" ('A')
ok 154 - Eloquent\Endec\Base32\Base32HexDecodeTransformTest::testTransformFailure with data set "9 bytes" ('AAAAAAAAA')
ok 155 - Eloquent\Endec\Base32\Base32HexDecodeTransformTest::testInstance
ok 156 - Eloquent\Endec\Base32\Base32HexEncodeNativeStreamFilterTest::testFilter
ok 157 - Eloquent\Endec\Base32\Base32HexEncodeTransformTest::testTransform with data set "Empty" ('', '', 0)
ok 158 - Eloquent\Endec\Base32\Base32HexEncodeTransformTest::testTransform with data set "1 byte" ('f', '', 0)
ok 159 - Eloquent\Endec\Base32\Base32HexEncodeTransformTest::testTransform with data set "2 bytes" ('fo', '', 0)
ok 160 - Eloquent\Endec\Base32\Base32HexEncodeTransformTest::testTransform with data set "3 bytes" ('foo', '', 0)
ok 161 - Eloquent\Endec\Base32\Base32HexEncodeTransformTest::testTransform with data set "4 bytes" ('foob', '', 0)
ok 162 - Eloquent\Endec\Base32\Base32HexEncodeTransformTest::testTransform with data set "5 bytes" ('fooba', 'CPNMUOJ1', 5)
ok 163 - Eloquent\Endec\Base32\Base32HexEncodeTransformTest::testTransform with data set "6 bytes" ('foobar', 'CPNMUOJ1', 5)
ok 164 - Eloquent\Endec\Base32\Base32HexEncodeTransformTest::testTransform with data set "7 bytes" ('foobarb', 'CPNMUOJ1', 5)
ok 165 - Eloquent\Endec\Base32\Base32HexEncodeTransformTest::testTransform with data set "8 bytes" ('foobarba', 'CPNMUOJ1', 5)
ok 166 - Eloquent\Endec\Base32\Base32HexEncodeTransformTest::testTransform with data set "9 bytes" ('foobarbaz', 'CPNMUOJ1', 5)
ok 167 - Eloquent\Endec\Base32\Base32HexEncodeTransformTest::testTransform with data set "10 bytes" ('foobarbazq', 'CPNMUOJ1E9H62UJH', 10)
ok 168 - Eloquent\Endec\Base32\Base32HexEncodeTransformTest::testTransformEnd with data set "Empty" ('', '', 0)
ok 169 - Eloquent\Endec\Base32\Base32HexEncodeTransformTest::testTransformEnd with data set "1 byte" ('f', 'CO======', 1)
ok 170 - Eloquent\Endec\Base32\Base32HexEncodeTransformTest::testTransformEnd with data set "2 bytes" ('fo', 'CPNG====', 2)
ok 171 - Eloquent\Endec\Base32\Base32HexEncodeTransformTest::testTransformEnd with data set "3 bytes" ('foo', 'CPNMU===', 3)
ok 172 - Eloquent\Endec\Base32\Base32HexEncodeTransformTest::testTransformEnd with data set "4 bytes" ('foob', 'CPNMUOG=', 4)
ok 173 - Eloquent\Endec\Base32\Base32HexEncodeTransformTest::testTransformEnd with data set "5 bytes" ('fooba', 'CPNMUOJ1', 5)
ok 174 - Eloquent\Endec\Base32\Base32HexEncodeTransformTest::testTransformEnd with data set "6 bytes" ('foobar', 'CPNMUOJ1E8======', 6)
ok 175 - Eloquent\Endec\Base32\Base32HexEncodeTransformTest::testTransformEnd with data set "7 bytes" ('foobarb', 'CPNMUOJ1E9H0====', 7)
ok 176 - Eloquent\Endec\Base32\Base32HexEncodeTransformTest::testTransformEnd with data set "8 bytes" ('foobarba', 'CPNMUOJ1E9H62===', 8)
ok 177 - Eloquent\Endec\Base32\Base32HexEncodeTransformTest::testTransformEnd with data set "9 bytes" ('foobarbaz', 'CPNMUOJ1E9H62UG=', 9)
ok 178 - Eloquent\Endec\Base32\Base32HexEncodeTransformTest::testTransformEnd with data set "10 bytes" ('foobarbazq', 'CPNMUOJ1E9H62UJH', 10)
ok 179 - Eloquent\Endec\Base32\Base32HexEncodeTransformTest::testInstance
ok 180 - Eloquent\Endec\Base32\Base32HexTest::testConstructor
ok 181 - Eloquent\Endec\Base32\Base32HexTest::testConstructorDefaults
ok 182 - Eloquent\Endec\Base32\Base32HexTest::testEncode with data set "RFC 4648 base32 test vector 1" ('', '')
ok 183 - Eloquent\Endec\Base32\Base32HexTest::testEncode with data set "RFC 4648 base32 test vector 2" ('f', 'CO======')
ok 184 - Eloquent\Endec\Base32\Base32HexTest::testEncode with data set "RFC 4648 base32 test vector 3" ('fo', 'CPNG====')
ok 185 - Eloquent\Endec\Base32\Base32HexTest::testEncode with data set "RFC 4648 base32 test vector 4" ('foo', 'CPNMU===')
ok 186 - Eloquent\Endec\Base32\Base32HexTest::testEncode with data set "RFC 4648 base32 test vector 5" ('foob', 'CPNMUOG=')
ok 187 - Eloquent\Endec\Base32\Base32HexTest::testEncode with data set "RFC 4648 base32 test vector 6" ('fooba', 'CPNMUOJ1')
ok 188 - Eloquent\Endec\Base32\Base32HexTest::testEncode with data set "RFC 4648 base32 test vector 7" ('foobar', 'CPNMUOJ1E8======')
ok 189 - Eloquent\Endec\Base32\Base32HexTest::testEncodeFullAlphabet
ok 190 - Eloquent\Endec\Base32\Base32HexTest::testDecode with data set "RFC 4648 base32 test vector 1" ('', '')
ok 191 - Eloquent\Endec\Base32\Base32HexTest::testDecode with data set "RFC 4648 base32 test vector 2" ('f', 'CO======')
ok 192 - Eloquent\Endec\Base32\Base32HexTest::testDecode with data set "RFC 4648 base32 test vector 3" ('fo', 'CPNG====')
ok 193 - Eloquent\Endec\Base32\Base32HexTest::testDecode with data set "RFC 4648 base32 test vector 4" ('foo', 'CPNMU===')
ok 194 - Eloquent\Endec\Base32\Base32HexTest::testDecode with data set "RFC 4648 base32 test vector 5" ('foob', 'CPNMUOG=')
ok 195 - Eloquent\Endec\Base32\Base32HexTest::testDecode with data set "RFC 4648 base32 test vector 6" ('fooba', 'CPNMUOJ1')
ok 196 - Eloquent\Endec\Base32\Base32HexTest::testDecode with data set "RFC 4648 base32 test vector 7" ('foobar', 'CPNMUOJ1E8======')
ok 197 - Eloquent\Endec\Base32\Base32HexTest::testDecodeFullAlphabet
ok 198 - Eloquent\Endec\Base32\Base32HexTest::testCreateEncodeStream
ok 199 - Eloquent\Endec\Base32\Base32HexTest::testCreateDecodeStream
ok 200 - Eloquent\Endec\Base32\Base32HexTest::testInstance
ok 201 - Eloquent\Endec\Base32\Base32Test::testConstructor
ok 202 - Eloquent\Endec\Base32\Base32Test::testConstructorDefaults
ok 203 - Eloquent\Endec\Base32\Base32Test::testEncode with data set "RFC 4648 base32 test vector 1" ('', '')
ok 204 - Eloquent\Endec\Base32\Base32Test::testEncode with data set "RFC 4648 base32 test vector 2" ('f', 'MY======')
ok 205 - Eloquent\Endec\Base32\Base32Test::testEncode with data set "RFC 4648 base32 test vector 3" ('fo', 'MZXQ====')
ok 206 - Eloquent\Endec\Base32\Base32Test::testEncode with data set "RFC 4648 base32 test vector 4" ('foo', 'MZXW6===')
ok 207 - Eloquent\Endec\Base32\Base32Test::testEncode with data set "RFC 4648 base32 test vector 5" ('foob', 'MZXW6YQ=')
ok 208 - Eloquent\Endec\Base32\Base32Test::testEncode with data set "RFC 4648 base32 test vector 6" ('fooba', 'MZXW6YTB')
ok 209 - Eloquent\Endec\Base32\Base32Test::testEncode with data set "RFC 4648 base32 test vector 7" ('foobar', 'MZXW6YTBOI======')
ok 210 - Eloquent\Endec\Base32\Base32Test::testEncodeFullAlphabet
ok 211 - Eloquent\Endec\Base32\Base32Test::testDecode with data set "RFC 4648 base32 test vector 1" ('', '')
ok 212 - Eloquent\Endec\Base32\Base32Test::testDecode with data set "RFC 4648 base32 test vector 2" ('f', 'MY======')
ok 213 - Eloquent\Endec\Base32\Base32Test::testDecode with data set "RFC 4648 base32 test vector 3" ('fo', 'MZXQ====')
ok 214 - Eloquent\Endec\Base32\Base32Test::testDecode with data set "RFC 4648 base32 test vector 4" ('foo', 'MZXW6===')
ok 215 - Eloquent\Endec\Base32\Base32Test::testDecode with data set "RFC 4648 base32 test vector 5" ('foob', 'MZXW6YQ=')
ok 216 - Eloquent\Endec\Base32\Base32Test::testDecode with data set "RFC 4648 base32 test vector 6" ('fooba', 'MZXW6YTB')
ok 217 - Eloquent\Endec\Base32\Base32Test::testDecode with data set "RFC 4648 base32 test vector 7" ('foobar', 'MZXW6YTBOI======')
ok 218 - Eloquent\Endec\Base32\Base32Test::testDecodeFullAlphabet
ok 219 - Eloquent\Endec\Base32\Base32Test::testCreateEncodeStream
ok 220 - Eloquent\Endec\Base32\Base32Test::testCreateDecodeStream
ok 221 - Eloquent\Endec\Base32\Base32Test::testInstance
ok 222 - Eloquent\Endec\Base64\Base64DecodeNativeStreamFilterTest::testFilter
ok 223 - Eloquent\Endec\Base64\Base64DecodeNativeStreamFilterTest::testFilterFailure
ok 224 - Eloquent\Endec\Base64\Base64DecodeTransformTest::testTransform with data set "Empty" ('', '', 0)
ok 225 - Eloquent\Endec\Base64\Base64DecodeTransformTest::testTransform with data set "1 byte" ('Z', '', 0)
ok 226 - Eloquent\Endec\Base64\Base64DecodeTransformTest::testTransform with data set "2 bytes" ('Zm', '', 0)
ok 227 - Eloquent\Endec\Base64\Base64DecodeTransformTest::testTransform with data set "3 bytes" ('Zm9', '', 0)
ok 228 - Eloquent\Endec\Base64\Base64DecodeTransformTest::testTransform with data set "4 bytes" ('Zm9v', 'foo', 4)
ok 229 - Eloquent\Endec\Base64\Base64DecodeTransformTest::testTransform with data set "5 bytes" ('Zm9vY', 'foo', 4)
ok 230 - Eloquent\Endec\Base64\Base64DecodeTransformTest::testTransform with data set "6 bytes" ('Zm9vYm', 'foo', 4)
ok 231 - Eloquent\Endec\Base64\Base64DecodeTransformTest::testTransform with data set "7 bytes" ('Zm9vYmF', 'foo', 4)
ok 232 - Eloquent\Endec\Base64\Base64DecodeTransformTest::testTransform with data set "8 bytes" ('Zm9vYmFy', 'foobar', 8)
ok 233 - Eloquent\Endec\Base64\Base64DecodeTransformTest::testTransformEnd with data set "Empty" ('', '', 0)
ok 234 - Eloquent\Endec\Base64\Base64DecodeTransformTest::testTransformEnd with data set "2 bytes" ('Zm', 'f', 2)
ok 235 - Eloquent\Endec\Base64\Base64DecodeTransformTest::testTransformEnd with data set "3 bytes" ('Zm9', 'fo', 3)
ok 236 - Eloquent\Endec\Base64\Base64DecodeTransformTest::testTransformEnd with data set "4 bytes" ('Zm9v', 'foo', 4)
ok 237 - Eloquent\Endec\Base64\Base64DecodeTransformTest::testTransformEnd with data set "6 bytes" ('Zm9vYm', 'foob', 6)
ok 238 - Eloquent\Endec\Base64\Base64DecodeTransformTest::testTransformEnd with data set "7 bytes" ('Zm9vYmF', 'fooba', 7)
ok 239 - Eloquent\Endec\Base64\Base64DecodeTransformTest::testTransformEnd with data set "8 bytes" ('Zm9vYmFy', 'foobar', 8)
ok 240 - Eloquent\Endec\Base64\Base64DecodeTransformTest::testTransformEnd with data set "8 bytes with padding" ('Zm9vYg==', 'foob', 8)
ok 241 - Eloquent\Endec\Base64\Base64DecodeTransformTest::testTransformFailure with data set "Characters below range" ('!!!!')
ok 242 - Eloquent\Endec\Base64\Base64DecodeTransformTest::testTransformFailure with data set "Characters above range" ('~~~~')
ok 243 - Eloquent\Endec\Base64\Base64DecodeTransformTest::testTransformFailure with data set "1 byte" ('A')
ok 244 - Eloquent\Endec\Base64\Base64DecodeTransformTest::testTransformFailure with data set "5 bytes" ('AAAAA')
ok 245 - Eloquent\Endec\Base64\Base64DecodeTransformTest::testInstance
ok 246 - Eloquent\Endec\Base64\Base64EncodeNativeStreamFilterTest::testFilter
ok 247 - Eloquent\Endec\Base64\Base64EncodeTransformTest::testTransform with data set "Empty" ('', '', 0)
ok 248 - Eloquent\Endec\Base64\Base64EncodeTransformTest::testTransform with data set "1 byte" ('f', '', 0)
ok 249 - Eloquent\Endec\Base64\Base64EncodeTransformTest::testTransform with data set "2 bytes" ('fo', '', 0)
ok 250 - Eloquent\Endec\Base64\Base64EncodeTransformTest::testTransform with data set "3 bytes" ('foo', 'Zm9v', 3)
ok 251 - Eloquent\Endec\Base64\Base64EncodeTransformTest::testTransform with data set "4 bytes" ('foob', 'Zm9v', 3)
ok 252 - Eloquent\Endec\Base64\Base64EncodeTransformTest::testTransform with data set "5 bytes" ('fooba', 'Zm9v', 3)
ok 253 - Eloquent\Endec\Base64\Base64EncodeTransformTest::testTransform with data set "6 bytes" ('foobar', 'Zm9vYmFy', 6)
ok 254 - Eloquent\Endec\Base64\Base64EncodeTransformTest::testTransformEnd with data set "Empty" ('', '', 0)
ok 255 - Eloquent\Endec\Base64\Base64EncodeTransformTest::testTransformEnd with data set "1 byte" ('f', 'Zg==', 1)
ok 256 - Eloquent\Endec\Base64\Base64EncodeTransformTest::testTransformEnd with data set "2 bytes" ('fo', 'Zm8=', 2)
ok 257 - Eloquent\Endec\Base64\Base64EncodeTransformTest::testTransformEnd with data set "3 bytes" ('foo', 'Zm9v', 3)
ok 258 - Eloquent\Endec\Base64\Base64EncodeTransformTest::testTransformEnd with data set "4 bytes" ('foob', 'Zm9vYg==', 4)
ok 259 - Eloquent\Endec\Base64\Base64EncodeTransformTest::testTransformEnd with data set "5 bytes" ('fooba', 'Zm9vYmE=', 5)
ok 260 - Eloquent\Endec\Base64\Base64EncodeTransformTest::testTransformEnd with data set "6 bytes" ('foobar', 'Zm9vYmFy', 6)
ok 261 - Eloquent\Endec\Base64\Base64EncodeTransformTest::testInstance
ok 262 - Eloquent\Endec\Base64\Base64Test::testConstructor
ok 263 - Eloquent\Endec\Base64\Base64Test::testConstructorDefaults
ok 264 - Eloquent\Endec\Base64\Base64Test::testEncode with data set "RFC 4648 base64 test vector 1" ('', '')
ok 265 - Eloquent\Endec\Base64\Base64Test::testEncode with data set "RFC 4648 base64 test vector 2" ('f', 'Zg==')
ok 266 - Eloquent\Endec\Base64\Base64Test::testEncode with data set "RFC 4648 base64 test vector 3" ('fo', 'Zm8=')
ok 267 - Eloquent\Endec\Base64\Base64Test::testEncode with data set "RFC 4648 base64 test vector 4" ('foo', 'Zm9v')
ok 268 - Eloquent\Endec\Base64\Base64Test::testEncode with data set "RFC 4648 base64 test vector 5" ('foob', 'Zm9vYg==')
ok 269 - Eloquent\Endec\Base64\Base64Test::testEncode with data set "RFC 4648 base64 test vector 6" ('fooba', 'Zm9vYmE=')
ok 270 - Eloquent\Endec\Base64\Base64Test::testEncode with data set "RFC 4648 base64 test vector 7" ('foobar', 'Zm9vYmFy')
ok 271 - Eloquent\Endec\Base64\Base64Test::testEncodeFullAlphabet
ok 272 - Eloquent\Endec\Base64\Base64Test::testDecode with data set "RFC 4648 base64 test vector 1" ('', '')
ok 273 - Eloquent\Endec\Base64\Base64Test::testDecode with data set "RFC 4648 base64 test vector 2" ('f', 'Zg==')
ok 274 - Eloquent\Endec\Base64\Base64Test::testDecode with data set "RFC 4648 base64 test vector 3" ('fo', 'Zm8=')
ok 275 - Eloquent\Endec\Base64\Base64Test::testDecode with data set "RFC 4648 base64 test vector 4" ('foo', 'Zm9v')
ok 276 - Eloquent\Endec\Base64\Base64Test::testDecode with data set "RFC 4648 base64 test vector 5" ('foob', 'Zm9vYg==')
ok 277 - Eloquent\Endec\Base64\Base64Test::testDecode with data set "RFC 4648 base64 test vector 6" ('fooba', 'Zm9vYmE=')
ok 278 - Eloquent\Endec\Base64\Base64Test::testDecode with data set "RFC 4648 base64 test vector 7" ('foobar', 'Zm9vYmFy')
ok 279 - Eloquent\Endec\Base64\Base64Test::testDecodeFullAlphabet
ok 280 - Eloquent\Endec\Base64\Base64Test::testCreateEncodeStream
ok 281 - Eloquent\Endec\Base64\Base64Test::testCreateDecodeStream
ok 282 - Eloquent\Endec\Base64\Base64Test::testInstance
ok 283 - Eloquent\Endec\Base64\Base64UrlDecodeNativeStreamFilterTest::testFilter
ok 284 - Eloquent\Endec\Base64\Base64UrlDecodeNativeStreamFilterTest::testFilterFailure
ok 285 - Eloquent\Endec\Base64\Base64UrlDecodeTransformTest::testTransform with data set "Empty" ('', '', 0)
ok 286 - Eloquent\Endec\Base64\Base64UrlDecodeTransformTest::testTransform with data set "1 byte" ('Z', '', 0)
ok 287 - Eloquent\Endec\Base64\Base64UrlDecodeTransformTest::testTransform with data set "2 bytes" ('Zm', '', 0)
ok 288 - Eloquent\Endec\Base64\Base64UrlDecodeTransformTest::testTransform with data set "3 bytes" ('Zm9', '', 0)
ok 289 - Eloquent\Endec\Base64\Base64UrlDecodeTransformTest::testTransform with data set "4 bytes" ('Zm9v', 'foo', 4)
ok 290 - Eloquent\Endec\Base64\Base64UrlDecodeTransformTest::testTransform with data set "5 bytes" ('Zm9vY', 'foo', 4)
ok 291 - Eloquent\Endec\Base64\Base64UrlDecodeTransformTest::testTransform with data set "6 bytes" ('Zm9vYm', 'foo', 4)
ok 292 - Eloquent\Endec\Base64\Base64UrlDecodeTransformTest::testTransform with data set "7 bytes" ('Zm9vYmF', 'foo', 4)
ok 293 - Eloquent\Endec\Base64\Base64UrlDecodeTransformTest::testTransform with data set "8 bytes" ('Zm9vYmFy', 'foobar', 8)
ok 294 - Eloquent\Endec\Base64\Base64UrlDecodeTransformTest::testTransformEnd with data set "Empty" ('', '', 0)
ok 295 - Eloquent\Endec\Base64\Base64UrlDecodeTransformTest::testTransformEnd with data set "2 bytes" ('Zm', 'f', 2)
ok 296 - Eloquent\Endec\Base64\Base64UrlDecodeTransformTest::testTransformEnd with data set "3 bytes" ('Zm9', 'fo', 3)
ok 297 - Eloquent\Endec\Base64\Base64UrlDecodeTransformTest::testTransformEnd with data set "4 bytes" ('Zm9v', 'foo', 4)
ok 298 - Eloquent\Endec\Base64\Base64UrlDecodeTransformTest::testTransformEnd with data set "6 bytes" ('Zm9vYm', 'foob', 6)
ok 299 - Eloquent\Endec\Base64\Base64UrlDecodeTransformTest::testTransformEnd with data set "7 bytes" ('Zm9vYmF', 'fooba', 7)
ok 300 - Eloquent\Endec\Base64\Base64UrlDecodeTransformTest::testTransformEnd with data set "8 bytes" ('Zm9vYmFy', 'foobar', 8)
ok 301 - Eloquent\Endec\Base64\Base64UrlDecodeTransformTest::testTransformFailure with data set "Characters below range" ('!!!!')
ok 302 - Eloquent\Endec\Base64\Base64UrlDecodeTransformTest::testTransformFailure with data set "Characters above range" ('~~~~')
ok 303 - Eloquent\Endec\Base64\Base64UrlDecodeTransformTest::testTransformFailure with data set "1 byte" ('A')
ok 304 - Eloquent\Endec\Base64\Base64UrlDecodeTransformTest::testTransformFailure with data set "5 bytes" ('AAAAA')
ok 305 - Eloquent\Endec\Base64\Base64UrlDecodeTransformTest::testInstance
ok 306 - Eloquent\Endec\Base64\Base64UrlEncodeNativeStreamFilterTest::testFilter
ok 307 - Eloquent\Endec\Base64\Base64UrlEncodeTransformTest::testTransform with data set "Empty" ('', '', 0)
ok 308 - Eloquent\Endec\Base64\Base64UrlEncodeTransformTest::testTransform with data set "1 byte" ('f', '', 0)
ok 309 - Eloquent\Endec\Base64\Base64UrlEncodeTransformTest::testTransform with data set "2 bytes" ('fo', '', 0)
ok 310 - Eloquent\Endec\Base64\Base64UrlEncodeTransformTest::testTransform with data set "3 bytes" ('foo', 'Zm9v', 3)
ok 311 - Eloquent\Endec\Base64\Base64UrlEncodeTransformTest::testTransform with data set "4 bytes" ('foob', 'Zm9v', 3)
ok 312 - Eloquent\Endec\Base64\Base64UrlEncodeTransformTest::testTransform with data set "5 bytes" ('fooba', 'Zm9v', 3)
ok 313 - Eloquent\Endec\Base64\Base64UrlEncodeTransformTest::testTransform with data set "6 bytes" ('foobar', 'Zm9vYmFy', 6)
ok 314 - Eloquent\Endec\Base64\Base64UrlEncodeTransformTest::testTransformEnd with data set "Empty" ('', '', 0)
ok 315 - Eloquent\Endec\Base64\Base64UrlEncodeTransformTest::testTransformEnd with data set "1 byte" ('f', 'Zg', 1)
ok 316 - Eloquent\Endec\Base64\Base64UrlEncodeTransformTest::testTransformEnd with data set "2 bytes" ('fo', 'Zm8', 2)
ok 317 - Eloquent\Endec\Base64\Base64UrlEncodeTransformTest::testTransformEnd with data set "3 bytes" ('foo', 'Zm9v', 3)
ok 318 - Eloquent\Endec\Base64\Base64UrlEncodeTransformTest::testTransformEnd with data set "4 bytes" ('foob', 'Zm9vYg', 4)
ok 319 - Eloquent\Endec\Base64\Base64UrlEncodeTransformTest::testTransformEnd with data set "5 bytes" ('fooba', 'Zm9vYmE', 5)
ok 320 - Eloquent\Endec\Base64\Base64UrlEncodeTransformTest::testTransformEnd with data set "6 bytes" ('foobar', 'Zm9vYmFy', 6)
ok 321 - Eloquent\Endec\Base64\Base64UrlEncodeTransformTest::testInstance
ok 322 - Eloquent\Endec\Base64\Base64UrlTest::testConstructor
ok 323 - Eloquent\Endec\Base64\Base64UrlTest::testConstructorDefaults
ok 324 - Eloquent\Endec\Base64\Base64UrlTest::testEncode with data set "RFC 4648 base64 test vector 1" ('', '')
ok 325 - Eloquent\Endec\Base64\Base64UrlTest::testEncode with data set "RFC 4648 base64 test vector 2" ('f', 'Zg')
ok 326 - Eloquent\Endec\Base64\Base64UrlTest::testEncode with data set "RFC 4648 base64 test vector 3" ('fo', 'Zm8')
ok 327 - Eloquent\Endec\Base64\Base64UrlTest::testEncode with data set "RFC 4648 base64 test vector 4" ('foo', 'Zm9v')
ok 328 - Eloquent\Endec\Base64\Base64UrlTest::testEncode with data set "RFC 4648 base64 test vector 5" ('foob', 'Zm9vYg')
ok 329 - Eloquent\Endec\Base64\Base64UrlTest::testEncode with data set "RFC 4648 base64 test vector 6" ('fooba', 'Zm9vYmE')
ok 330 - Eloquent\Endec\Base64\Base64UrlTest::testEncode with data set "RFC 4648 base64 test vector 7" ('foobar', 'Zm9vYmFy')
ok 331 - Eloquent\Endec\Base64\Base64UrlTest::testEncodeFullAlphabet
ok 332 - Eloquent\Endec\Base64\Base64UrlTest::testDecode with data set "RFC 4648 base64 test vector 1" ('', '')
ok 333 - Eloquent\Endec\Base64\Base64UrlTest::testDecode with data set "RFC 4648 base64 test vector 2" ('f', 'Zg')
ok 334 - Eloquent\Endec\Base64\Base64UrlTest::testDecode with data set "RFC 4648 base64 test vector 3" ('fo', 'Zm8')
ok 335 - Eloquent\Endec\Base64\Base64UrlTest::testDecode with data set "RFC 4648 base64 test vector 4" ('foo', 'Zm9v')
ok 336 - Eloquent\Endec\Base64\Base64UrlTest::testDecode with data set "RFC 4648 base64 test vector 5" ('foob', 'Zm9vYg')
ok 337 - Eloquent\Endec\Base64\Base64UrlTest::testDecode with data set "RFC 4648 base64 test vector 6" ('fooba', 'Zm9vYmE')
ok 338 - Eloquent\Endec\Base64\Base64UrlTest::testDecode with data set "RFC 4648 base64 test vector 7" ('foobar', 'Zm9vYmFy')
ok 339 - Eloquent\Endec\Base64\Base64UrlTest::testDecodeFullAlphabet
ok 340 - Eloquent\Endec\Base64\Base64UrlTest::testCreateEncodeStream
ok 341 - Eloquent\Endec\Base64\Base64UrlTest::testCreateDecodeStream
ok 342 - Eloquent\Endec\Base64\Base64UrlTest::testInstance
ok 343 - Eloquent\Endec\CodecTest::testConstructor
ok 344 - Eloquent\Endec\CodecTest::testEncode
ok 345 - Eloquent\Endec\CodecTest::testDecode
ok 346 - Eloquent\Endec\CodecTest::testCreateEncodeStream
ok 347 - Eloquent\Endec\CodecTest::testCreateDecodeStream
ok 348 - Eloquent\Endec\DecoderTest::testConstructor
ok 349 - Eloquent\Endec\DecoderTest::testDecode
ok 350 - Eloquent\Endec\DecoderTest::testCreateDecodeStream
ok 351 - Eloquent\Endec\EncoderTest::testConstructor
ok 352 - Eloquent\Endec\EncoderTest::testEncode
ok 353 - Eloquent\Endec\EncoderTest::testCreateEncodeStream
ok 354 - Eloquent\Endec\EndecTest::testRegisterFilters
ok 355 - Eloquent\Endec\Exception\InvalidEncodedDataExceptionTest::testException
ok 356 - Eloquent\Endec\Transform\TransformStreamTest::testConstructor
ok 357 - Eloquent\Endec\Transform\TransformStreamTest::testConstructorDefaults
ok 358 - Eloquent\Endec\Transform\TransformStreamTest::testWriteEnd with data set "1 byte(s)" ('f')
ok 359 - Eloquent\Endec\Transform\TransformStreamTest::testWriteEnd with data set "2 byte(s)" ('fo')
ok 360 - Eloquent\Endec\Transform\TransformStreamTest::testWriteEnd with data set "3 byte(s)" ('foo')
ok 361 - Eloquent\Endec\Transform\TransformStreamTest::testWriteEnd with data set "4 byte(s)" ('foob')
ok 362 - Eloquent\Endec\Transform\TransformStreamTest::testWriteEnd with data set "5 byte(s)" ('fooba')
ok 363 - Eloquent\Endec\Transform\TransformStreamTest::testEnd with data set "1 byte(s)" ('f')
ok 364 - Eloquent\Endec\Transform\TransformStreamTest::testEnd with data set "2 byte(s)" ('fo')
ok 365 - Eloquent\Endec\Transform\TransformStreamTest::testEnd with data set "3 byte(s)" ('foo')
ok 366 - Eloquent\Endec\Transform\TransformStreamTest::testEnd with data set "4 byte(s)" ('foob')
ok 367 - Eloquent\Endec\Transform\TransformStreamTest::testEnd with data set "5 byte(s)" ('fooba')
ok 368 - Eloquent\Endec\Transform\TransformStreamTest::testEndEmptyString
ok 369 - Eloquent\Endec\Transform\TransformStreamTest::testClose
ok 370 - Eloquent\Endec\Transform\TransformStreamTest::testPauseResume
ok 371 - Eloquent\Endec\Transform\TransformStreamTest::testPipe
1..371
